-
    - info
    - 'Verifying if there is a pending authentication from SP'
    - {  }
-
    - info
    - 'Verify valid public key credential response'
    - { nameId: JohnDoe123 }
-
    - warning
    - 'Invalid public key credential response "Invalid response type"'
    - { nameId: JohnDoe123 }
