-
    - info
    - 'Verifying if there is a pending authentication from SP'
    - {  }
-
    - info
    - 'Verify valid public key credential response'
    - { nameId: JaneDoe123 }
-
    - info
    - 'Verify if there is an existing public key credential assertion options in session'
    - { nameId: JaneDoe123 }
-
    - info
    - 'Validate assertion response'
    - { nameId: JaneDoe123 }
-
    - info
    - 'Attestation success, user verified'
    - { nameId: JaneDoe123 }
